#
# There is insufficient memory for the Java Runtime Environment to continue.
# Native memory allocation (mmap) failed to map 67108864 bytes. Error detail: G1 virtual space
# Possible reasons:
#   The system is out of physical RAM or swap space
#   This process is running with CompressedOops enabled, and the Java Heap may be blocking the growth of the native heap
# Possible solutions:
#   Reduce memory load on the system
#   Increase physical memory or swap space
#   Check if swap backing store is full
#   Decrease Java heap size (-Xmx/-Xms)
#   Decrease number of Java threads
#   Decrease Java thread stack sizes (-Xss)
#   Set larger code cache with -XX:ReservedCodeCacheSize=
#   JVM is running with Unscaled Compressed Oops mode in which the Java heap is
#     placed in the first 4GB address space. The Java Heap base address is the
#     maximum limit for the native heap growth. Please use -XX:HeapBaseMinAddress
#     to set the Java Heap base and to place the Java Heap above 4GB virtual address.
# This output file may be truncated or incomplete.
#
#  Out of Memory Error (os_windows.cpp:3618), pid=17340, tid=5176
#
# JRE version:  (17.0.18+8) (build )
# Java VM: OpenJDK 64-Bit Server VM (17.0.18+8, mixed mode, sharing, tiered, compressed oops, compressed class ptrs, g1 gc, windows-amd64)
# No core dump will be written. Minidumps are not enabled by default on client versions of Windows
#

---------------  S U M M A R Y ------------

Command Line: -Xmx64m -Xms64m -Dorg.gradle.appname=gradlew D:\CollabSphere_Moblie\mobile\android\\gradle\wrapper\gradle-wrapper.jar :app:assembleDebug

Host: 12th Gen Intel(R) Core(TM) i5-12450H, 12 cores, 7G,  Windows 11 , 64 bit Build 26100 (10.0.26100.7705)
Time: Tue Feb 24 19:38:50 2026 India Standard Time elapsed time: 0.020999 seconds (0d 0h 0m 0s)

---------------  T H R E A D  ---------------

Current thread (0x000001ff886682b0):  JavaThread "Unknown thread" [_thread_in_vm, id=5176, stack(0x0000000133100000,0x0000000133200000)]

Stack: [0x0000000133100000,0x0000000133200000]
Native frames: (J=compiled Java code, j=interpreted, Vv=VM code, C=native code)
V  [jvm.dll+0x6846f9]
V  [jvm.dll+0x839ea5]
V  [jvm.dll+0x83b91e]
V  [jvm.dll+0x83bfa3]
V  [jvm.dll+0x248eff]
V  [jvm.dll+0x6814b9]
V  [jvm.dll+0x6762ba]
V  [jvm.dll+0x309257]
V  [jvm.dll+0x310826]
V  [jvm.dll+0x360d9e]
V  [jvm.dll+0x360fdd]
V  [jvm.dll+0x2e02dc]
V  [jvm.dll+0x2e11e8]
V  [jvm.dll+0x80cd6b]
V  [jvm.dll+0x36ea21]
V  [jvm.dll+0x7eb945]
V  [jvm.dll+0x3f462b]
V  [jvm.dll+0x3f6111]
C  [jli.dll+0x52d0]
C  [ucrtbase.dll+0x37b0]
C  [KERNEL32.DLL+0x2e8d7]
C  [ntdll.dll+0x8c40c]


---------------  P R O C E S S  ---------------

Threads class SMR info:
_java_thread_list=0x00007ff9d12e7f58, length=0, elements={
}

Java Threads: ( => current thread )

Other Threads:
  0x000001ff8868c9b0 GCTaskThread "GC Thread#0" [stack: 0x0000000133200000,0x0000000133300000] [id=8584]
  0x000001ff8868e110 ConcurrentGCThread "G1 Main Marker" [stack: 0x0000000133300000,0x0000000133400000] [id=25432]
  0x000001ff8868ffa0 ConcurrentGCThread "G1 Conc#0" [stack: 0x0000000133400000,0x0000000133500000] [id=14280]

[error occurred during error reporting (printing all threads), id 0xc0000005, EXCEPTION_ACCESS_VIOLATION (0xc0000005) at pc=0x00007ff9d0aa0e07]

VM state: not at safepoint (not fully initialized)

VM Mutex/Monitor currently owned by a thread:  ([mutex/lock_event])
[0x000001ff863dab40] Heap_lock - owner thread: 0x000001ff886682b0

Heap address: 0x00000000fc000000, size: 64 MB, Compressed Oops mode: 32-bit

CDS archive(s) mapped at: [0x0000000000000000-0x0000000000000000-0x0000000000000000), size 0, SharedBaseAddress: 0x0000000800000000, ArchiveRelocationMode: 1.
Narrow klass base: 0x0000000000000000, Narrow klass shift: 0, Narrow klass range: 0x0

GC Precious Log:
<Empty>

Heap:
 garbage-first heap   total 0K, used 0K [0x00000000fc000000, 0x0000000100000000)
  region size 1024K, 0 young (0K), 0 survivors (0K)

[error occurred during error reporting (printing heap information), id 0xc0000005, EXCEPTION_ACCESS_VIOLATION (0xc0000005) at pc=0x00007ff9d0e8dd09]

GC Heap History (0 events):
No events

Dll operation events (1 events):
Event: 0.009 Loaded shared library C:\Program Files\Eclipse Adoptium\jdk-17.0.18.8-hotspot\bin\java.dll

Deoptimization events (0 events):
No events

Classes loaded (0 events):
No events

Classes unloaded (0 events):
No events

Classes redefined (0 events):
No events

Internal exceptions (0 events):
No events

VM Operations (0 events):
No events

Memory protections (0 events):
No events

Nmethod flushes (0 events):
No events

Events (0 events):
No events


Dynamic libraries:
0x00007ff63fa50000 - 0x00007ff63fa5e000 	C:\Program Files\Eclipse Adoptium\jdk-17.0.18.8-hotspot\bin\java.exe
0x00007ffa80c40000 - 0x00007ffa80ea8000 	C:\WINDOWS\SYSTEM32\ntdll.dll
0x00007ffa7ed80000 - 0x00007ffa7ee49000 	C:\WINDOWS\System32\KERNEL32.DLL
0x00007ffa7d5d0000 - 0x00007ffa7d9c1000 	C:\WINDOWS\System32\KERNELBASE.dll
0x00007ffa7e7e0000 - 0x00007ffa7e92b000 	C:\WINDOWS\System32\ucrtbase.dll
0x00007ffa58f20000 - 0x00007ffa58f38000 	C:\Program Files\Eclipse Adoptium\jdk-17.0.18.8-hotspot\bin\jli.dll
0x00007ffa58fb0000 - 0x00007ffa58fce000 	C:\Program Files\Eclipse Adoptium\jdk-17.0.18.8-hotspot\bin\VCRUNTIME140.dll
0x00007ffa80a30000 - 0x00007ffa80bf6000 	C:\WINDOWS\System32\USER32.dll
0x00007ffa7e4e0000 - 0x00007ffa7e507000 	C:\WINDOWS\System32\win32u.dll
0x00007ffa57480000 - 0x00007ffa57713000 	C:\WINDOWS\WinSxS\amd64_microsoft.windows.common-controls_6595b64144ccf1df_6.0.26100.7824_none_3e0870b2e3345462\COMCTL32.dll
0x00007ffa7f1b0000 - 0x00007ffa7f1db000 	C:\WINDOWS\System32\GDI32.dll
0x00007ffa7ee50000 - 0x00007ffa7eef9000 	C:\WINDOWS\System32\msvcrt.dll
0x00007ffa7d9d0000 - 0x00007ffa7dafb000 	C:\WINDOWS\System32\gdi32full.dll
0x00007ffa7e930000 - 0x00007ffa7e9d3000 	C:\WINDOWS\System32\msvcp_win.dll
0x00007ffa7ebd0000 - 0x00007ffa7ec01000 	C:\WINDOWS\System32\IMM32.DLL
0x00007ffa592f0000 - 0x00007ffa592fc000 	C:\Program Files\Eclipse Adoptium\jdk-17.0.18.8-hotspot\bin\vcruntime140_1.dll
0x00007ffa448c0000 - 0x00007ffa4494d000 	C:\Program Files\Eclipse Adoptium\jdk-17.0.18.8-hotspot\bin\msvcp140.dll
0x00007ff9d07b0000 - 0x00007ff9d141b000 	C:\Program Files\Eclipse Adoptium\jdk-17.0.18.8-hotspot\bin\server\jvm.dll
0x00007ffa80880000 - 0x00007ffa80934000 	C:\WINDOWS\System32\ADVAPI32.dll
0x00007ffa7f0a0000 - 0x00007ffa7f146000 	C:\WINDOWS\System32\sechost.dll
0x00007ffa7fc00000 - 0x00007ffa7fd18000 	C:\WINDOWS\System32\RPCRT4.dll
0x00007ffa7f2b0000 - 0x00007ffa7f324000 	C:\WINDOWS\System32\WS2_32.dll
0x00007ffa702a0000 - 0x00007ffa702d5000 	C:\WINDOWS\SYSTEM32\WINMM.dll
0x00007ffa720b0000 - 0x00007ffa720bb000 	C:\WINDOWS\SYSTEM32\VERSION.dll
0x00007ffa7c840000 - 0x00007ffa7c89e000 	C:\WINDOWS\SYSTEM32\POWRPROF.dll
0x00007ffa7c800000 - 0x00007ffa7c814000 	C:\WINDOWS\SYSTEM32\UMPDC.dll
0x00007ffa7c330000 - 0x00007ffa7c34b000 	C:\WINDOWS\SYSTEM32\kernel.appcore.dll
0x00007ffa592a0000 - 0x00007ffa592aa000 	C:\Program Files\Eclipse Adoptium\jdk-17.0.18.8-hotspot\bin\jimage.dll
0x00007ffa7af60000 - 0x00007ffa7b1a2000 	C:\WINDOWS\SYSTEM32\DBGHELP.DLL
0x00007ffa804f0000 - 0x00007ffa80876000 	C:\WINDOWS\System32\combase.dll
0x00007ffa7fd20000 - 0x00007ffa7fdf7000 	C:\WINDOWS\System32\OLEAUT32.dll
0x00007ffa4cf60000 - 0x00007ffa4cf9b000 	C:\WINDOWS\SYSTEM32\dbgcore.DLL
0x00007ffa7d520000 - 0x00007ffa7d5c5000 	C:\WINDOWS\System32\bcryptPrimitives.dll
0x00007ffa58ef0000 - 0x00007ffa58f15000 	C:\Program Files\Eclipse Adoptium\jdk-17.0.18.8-hotspot\bin\java.dll

dbghelp: loaded successfully - version: 4.0.5 - missing functions: none
symbol engine: initialized successfully - sym options: 0x614 - pdb path: .;C:\Program Files\Eclipse Adoptium\jdk-17.0.18.8-hotspot\bin;C:\WINDOWS\SYSTEM32;C:\WINDOWS\WinSxS\amd64_microsoft.windows.common-controls_6595b64144ccf1df_6.0.26100.7824_none_3e0870b2e3345462;C:\Program Files\Eclipse Adoptium\jdk-17.0.18.8-hotspot\bin\server

VM Arguments:
jvm_args: -Xmx64m -Xms64m -Dorg.gradle.appname=gradlew 
java_command: D:\CollabSphere_Moblie\mobile\android\\gradle\wrapper\gradle-wrapper.jar :app:assembleDebug
java_class_path (initial): D:\CollabSphere_Moblie\mobile\android\\gradle\wrapper\gradle-wrapper.jar
Launcher Type: SUN_STANDARD

[Global flags]
     intx CICompilerCount                          = 4                                         {product} {ergonomic}
     uint ConcGCThreads                            = 3                                         {product} {ergonomic}
     uint G1ConcRefinementThreads                  = 10                                        {product} {ergonomic}
   size_t G1HeapRegionSize                         = 1048576                                   {product} {ergonomic}
    uintx GCDrainStackTargetSize                   = 64                                        {product} {ergonomic}
   size_t InitialHeapSize                          = 67108864                                  {product} {command line}
   size_t MarkStackSize                            = 4194304                                   {product} {ergonomic}
   size_t MaxHeapSize                              = 67108864                                  {product} {command line}
   size_t MinHeapDeltaBytes                        = 1048576                                   {product} {ergonomic}
   size_t MinHeapSize                              = 67108864                                  {product} {command line}
    uintx NonNMethodCodeHeapSize                   = 5839372                                {pd product} {ergonomic}
    uintx NonProfiledCodeHeapSize                  = 122909434                              {pd product} {ergonomic}
    uintx ProfiledCodeHeapSize                     = 122909434                              {pd product} {ergonomic}
    uintx ReservedCodeCacheSize                    = 251658240                              {pd product} {ergonomic}
     bool SegmentedCodeCache                       = true                                      {product} {ergonomic}
   size_t SoftMaxHeapSize                          = 67108864                               {manageable} {ergonomic}
     bool UseCompressedClassPointers               = true                           {product lp64_product} {ergonomic}
     bool UseCompressedOops                        = true                           {product lp64_product} {ergonomic}
     bool UseG1GC                                  = true                                      {product} {ergonomic}
     bool UseLargePagesIndividualAllocation        = false                                  {pd product} {ergonomic}

Logging:
Log output configuration:
 #0: stdout all=warning uptime,level,tags
 #1: stderr all=off uptime,level,tags

Environment Variables:
JAVA_HOME=C:\Program Files\Eclipse Adoptium\jdk-17.0.18.8-hotspot
PATH=C:\windows\system32;C:\windows;C:\windows\System32\Wbem;C:\windows\System32\WindowsPowerShell\v1.0\;C:\windows\System32\OpenSSH\;C:\Program Files (x86)\NVIDIA Corporation\PhysX\Common;C:\Program Files\NVIDIA Corporation\NVIDIA NvDLISR;C:\Users\Administrator\AppData\Local\Microsoft\WindowsApps;C:\Program Files\HP\OMEN-Broadcast\Common;C:\Program Files\HP\HP One Agent;C:\windows\IsmFiles;C:\WINDOWS\system32;C:\WINDOWS;C:\WINDOWS\System32\Wbem;C:\WINDOWS\System32\WindowsPowerShell\v1.0\;C:\WINDOWS\System32\OpenSSH\;C:\MinGW\bin;C:\Program Files\Git\cmd;C:\Program Files\Eclipse Adoptium\jdk-17.0.18.8-hotspot\bin;C:\Users\ganes\Downloads\openlogic-openjdk-21.0.8+9-windows-x64\jdk-21\bin;D:\MongoDB\bin;C:\Users\ganes\AppData\Local\Programs\Python\Python314\python.exe;C:\Users\ganes\AppData\Local\Programs\mongosh;D:\NODE\;C:\ProgramData\chocolatey\bin;C:\Users\ganes\AppData\Local\Android\Sdk;C:\Users\ganes\AppData\Local\Android\Sdk\platform-tools;C:\Users\ganes\AppData\Local\Postman;C:\Program Files\Eclipse Adoptium\jdk-17.0.18.8-hotspot;C:\Users\ganes\AppData\Local\Programs\Python\Python314\Scripts\;C:\Users\ganes\AppData\Local\Programs\Python\Python314\;C:\Users\ganes\AppData\Local\Programs\Python\Launcher\;C:\Users\ganes\AppData\Local\jdk-11.0.2\bin;C:\Users\ganes\AppData\Local\jdk-11.0.2\bin;C:\Users\ganes\AppData\Local\Microsoft\WindowsApps;C:\MinGW\bin;C:\Program Files\Eclipse Adoptium\jdk-17.0.18.8-hotspot\bin;C:\Users\ganes\Downloads\java-21-openjdk-21.0.4.0.7-1.win.jdk.x86_64\java-21-openjdk;C:\Users\ganes\AppData\Local\Python\bin;C:\Users\ganes\AppData\Local\Programs\mongosh\;C:\Users\ganes\AppData\Roaming\npm;C:\Users\ganes\AppData\Local\Android\Sdk;C:\Users\ganes\AppData\Local\Android\Sdk\platform-tools;C:\Users\ganes\AppData\Local\Postman;D:\Microsoft VS Code\bin;D:\Antigravity\bin;C:\Users\ganes\.bun\bin
USERNAME=ganes
LANG=en_US.UTF-8
OS=Windows_NT
PROCESSOR_IDENTIFIER=Intel64 Family 6 Model 154 Stepping 3, GenuineIntel
TMP=C:\Users\ganes\AppData\Local\Temp
TEMP=C:\Users\ganes\AppData\Local\Temp



Periodic native trim disabled


---------------  S Y S T E M  ---------------

OS:
 Windows 11 , 64 bit Build 26100 (10.0.26100.7705)
OS uptime: 0 days 2:56 hours

CPU: total 12 (initial active 12) (6 cores per cpu, 2 threads per core) family 6 model 154 stepping 3 microcode 0x434, cx8, cmov, fxsr, ht, mmx, 3dnowpref, sse, sse2, sse3, ssse3, sse4.1, sse4.2, popcnt, lzcnt, tsc, tscinvbit, avx, avx2, aes, erms, clmul, bmi1, bmi2, adx, sha, fma, vzeroupper, clflush, clflushopt, clwb
Processor Information for processor 0
  Max Mhz: 2000, Current Mhz: 1520, Mhz Limit: 2000
Processor Information for processor 1
  Max Mhz: 2000, Current Mhz: 1520, Mhz Limit: 2000
Processor Information for processor 2
  Max Mhz: 2000, Current Mhz: 2000, Mhz Limit: 2000
Processor Information for processor 3
  Max Mhz: 2000, Current Mhz: 1520, Mhz Limit: 2000
Processor Information for processor 4
  Max Mhz: 2000, Current Mhz: 2000, Mhz Limit: 2000
Processor Information for processor 5
  Max Mhz: 2000, Current Mhz: 2000, Mhz Limit: 2000
Processor Information for processor 6
  Max Mhz: 2000, Current Mhz: 1520, Mhz Limit: 2000
Processor Information for processor 7
  Max Mhz: 2000, Current Mhz: 2000, Mhz Limit: 2000
Processor Information for processor 8
  Max Mhz: 2000, Current Mhz: 1466, Mhz Limit: 2000
Processor Information for processor 9
  Max Mhz: 2000, Current Mhz: 2000, Mhz Limit: 2000
Processor Information for processor 10
  Max Mhz: 2000, Current Mhz: 1466, Mhz Limit: 2000
Processor Information for processor 11
  Max Mhz: 2000, Current Mhz: 2000, Mhz Limit: 2000

Memory: 4k page, system-wide physical 7832M (610M free)
TotalPageFile size 28995M (AvailPageFile size 29M)
current process WorkingSet (physical memory assigned to process): 12M, peak: 12M
current process commit charge ("private bytes"): 63M, peak: 127M

vm_info: OpenJDK 64-Bit Server VM (17.0.18+8) for windows-amd64 JRE (17.0.18+8), built on Jan 20 2026 22:28:22 by "admin" with MS VC++ 17.12 (VS2022)

END.
